-
    name: id
    phpType: int
    type: integer
    increments: true
    nullable: false
    default: null
    primary: true
    unique: true
    fillable: false
    appended: null
    cast: int
    virtual: false
    hidden: false
-
    name: name
    phpType: string
    type: string
    increments: false
    nullable: false
    default: null
    primary: false
    unique: false
    fillable: false
    appended: null
    cast: null
    virtual: false
    hidden: false
-
    name: enum
    phpType: string
    type: string
    increments: false
    nullable: false
    default: null
    primary: false
    unique: false
    fillable: false
    appended: null
    cast: null
    virtual: false
    hidden: false
-
    name: multiPolygon
    phpType: string
    type: string
    increments: false
    nullable: false
    default: null
    primary: false
    unique: false
    fillable: false
    appended: null
    cast: null
    virtual: false
    hidden: false
-
    name: point
    phpType: string
    type: string
    increments: false
    nullable: false
    default: null
    primary: false
    unique: false
    fillable: false
    appended: null
    cast: null
    virtual: false
    hidden: false
-
    name: time
    phpType: DateTime
    type: datetime
    increments: false
    nullable: false
    default: null
    primary: false
    unique: false
    fillable: false
    appended: null
    cast: null
    virtual: false
    hidden: false
